Bundle complete! 7 Gemfile dependencies, 98 gems now installed.
Use `bundle info [gemname]` to see where a bundled gem is installed.
Configuration file: /mnt/datahdd/home_subdirectories/hampton/Documents/OSS/k4kfh.github.io/_config.yml
            Source: /mnt/datahdd/home_subdirectories/hampton/Documents/OSS/k4kfh.github.io
       Destination: /mnt/datahdd/home_subdirectories/hampton/Documents/OSS/k4kfh.github.io/_site
 Incremental build: disabled. Enable with --incremental
      Generating... 
      Remote Theme: Using theme abhinavs/moonwalk
       Jekyll Feed: Generating feed for posts
                    done in 1.098 seconds.
 Auto-regeneration: enabled for '/mnt/datahdd/home_subdirectories/hampton/Documents/OSS/k4kfh.github.io'
    Server address: http://127.0.0.1:4000
  Server running... press ctrl-c to stop.
      Regenerating: 1 file(s) changed at 2026-04-28 20:03:18
                    build-output.txt
      Remote Theme: Using theme abhinavs/moonwalk
       Jekyll Feed: Generating feed for posts
                    ...done in 0.260602699 seconds.
                    
      Regenerating: 1 file(s) changed at 2026-04-28 20:03:19
                    build-output.txt
      Remote Theme: Using theme abhinavs/moonwalk
       Jekyll Feed: Generating feed for posts
                    ...done in 0.204136069 seconds.
                    
      Regenerating: 1 file(s) changed at 2026-04-28 20:03:19
                    build-output.txt
      Remote Theme: Using theme abhinavs/moonwalk
       Jekyll Feed: Generating feed for posts
                    ...done in 0.208777285 seconds.
                    
      Regenerating: 1 file(s) changed at 2026-04-28 20:03:19
                    build-output.txt
      Remote Theme: Using theme abhinavs/moonwalk
       Jekyll Feed: Generating feed for posts
                    ...done in 0.218589516 seconds.
                    
      Regenerating: 1 file(s) changed at 2026-04-28 20:03:20
                    build-output.txt
      Remote Theme: Using theme abhinavs/moonwalk
       Jekyll Feed: Generating feed for posts
                    ...done in 0.235572453 seconds.
                    
      Regenerating: 1 file(s) changed at 2026-04-28 20:03:20
                    build-output.txt
      Remote Theme: Using theme abhinavs/moonwalk
       Jekyll Feed: Generating feed for posts
                    ...done in 0.215624729 seconds.
                    
      Regenerating: 1 file(s) changed at 2026-04-28 20:03:20
                    build-output.txt
      Remote Theme: Using theme abhinavs/moonwalk
       Jekyll Feed: Generating feed for posts
                    ...done in 0.216363682 seconds.
                    
      Regenerating: 1 file(s) changed at 2026-04-28 20:03:21
                    build-output.txt
      Remote Theme: Using theme abhinavs/moonwalk
       Jekyll Feed: Generating feed for posts
                    ...done in 0.221222868 seconds.
                    
      Regenerating: 1 file(s) changed at 2026-04-28 20:03:21
                    build-output.txt
      Remote Theme: Using theme abhinavs/moonwalk
       Jekyll Feed: Generating feed for posts
                    ...done in 0.219691202 seconds.
                    
      Regenerating: 1 file(s) changed at 2026-04-28 20:03:21
                    build-output.txt
      Remote Theme: Using theme abhinavs/moonwalk
       Jekyll Feed: Generating feed for posts
                    ...done in 0.21680877 seconds.
                    
      Regenerating: 1 file(s) changed at 2026-04-28 20:03:22
                    build-output.txt
      Remote Theme: Using theme abhinavs/moonwalk
       Jekyll Feed: Generating feed for posts
                    ...done in 0.18642342 seconds.
                    
      Regenerating: 1 file(s) changed at 2026-04-28 20:03:22
                    build-output.txt
      Remote Theme: Using theme abhinavs/moonwalk
       Jekyll Feed: Generating feed for posts
                    ...done in 0.21381645 seconds.
                    
      Regenerating: 1 file(s) changed at 2026-04-28 20:03:22
                    build-output.txt
      Remote Theme: Using theme abhinavs/moonwalk
       Jekyll Feed: Generating feed for posts
                    ...done in 0.226197926 seconds.
                    
      Regenerating: 1 file(s) changed at 2026-04-28 20:03:22
                    build-output.txt
      Remote Theme: Using theme abhinavs/moonwalk
       Jekyll Feed: Generating feed for posts
                    ...done in 0.215952937 seconds.
                    
      Regenerating: 1 file(s) changed at 2026-04-28 20:03:23
                    build-output.txt
      Remote Theme: Using theme abhinavs/moonwalk
       Jekyll Feed: Generating feed for posts
                    ...done in 0.227498311 seconds.
                    
      Regenerating: 1 file(s) changed at 2026-04-28 20:03:23
                    build-output.txt
      Remote Theme: Using theme abhinavs/moonwalk
       Jekyll Feed: Generating feed for posts
                    ...done in 0.23497264 seconds.
                    
      Regenerating: 1 file(s) changed at 2026-04-28 20:03:23
                    build-output.txt
      Remote Theme: Using theme abhinavs/moonwalk
       Jekyll Feed: Generating feed for posts
                    ...done in 0.223610248 seconds.
                    
      Regenerating: 1 file(s) changed at 2026-04-28 20:03:24
                    build-output.txt
      Remote Theme: Using theme abhinavs/moonwalk
       Jekyll Feed: Generating feed for posts
                    ...done in 0.195501326 seconds.
                    
      Regenerating: 1 file(s) changed at 2026-04-28 20:03:24
                    build-output.txt
      Remote Theme: Using theme abhinavs/moonwalk
       Jekyll Feed: Generating feed for posts
                    ...done in 0.198406693 seconds.
                    
      Regenerating: 1 file(s) changed at 2026-04-28 20:03:24
                    build-output.txt
      Remote Theme: Using theme abhinavs/moonwalk
       Jekyll Feed: Generating feed for posts
                    ...done in 0.207003562 seconds.
                    
      Regenerating: 1 file(s) changed at 2026-04-28 20:03:25
                    build-output.txt
      Remote Theme: Using theme abhinavs/moonwalk
       Jekyll Feed: Generating feed for posts
                    ...done in 0.19564651 seconds.
                    
      Regenerating: 1 file(s) changed at 2026-04-28 20:03:25
                    build-output.txt
      Remote Theme: Using theme abhinavs/moonwalk
       Jekyll Feed: Generating feed for posts
                    ...done in 0.207271015 seconds.
                    
      Regenerating: 1 file(s) changed at 2026-04-28 20:03:25
                    build-output.txt
      Remote Theme: Using theme abhinavs/moonwalk
       Jekyll Feed: Generating feed for posts
                    ...done in 0.209004023 seconds.
                    
      Regenerating: 1 file(s) changed at 2026-04-28 20:03:26
                    build-output.txt
      Remote Theme: Using theme abhinavs/moonwalk
       Jekyll Feed: Generating feed for posts
                    ...done in 0.232754597 seconds.
                    
      Regenerating: 1 file(s) changed at 2026-04-28 20:03:26
                    build-output.txt
      Remote Theme: Using theme abhinavs/moonwalk
       Jekyll Feed: Generating feed for posts
                    ...done in 0.279126056 seconds.
                    
      Regenerating: 1 file(s) changed at 2026-04-28 20:03:26
                    build-output.txt
      Remote Theme: Using theme abhinavs/moonwalk
       Jekyll Feed: Generating feed for posts
                    ...done in 0.210732505 seconds.
                    
      Regenerating: 1 file(s) changed at 2026-04-28 20:03:27
                    build-output.txt
      Remote Theme: Using theme abhinavs/moonwalk
       Jekyll Feed: Generating feed for posts
                    ...done in 0.199994702 seconds.
                    
      Regenerating: 1 file(s) changed at 2026-04-28 20:03:27
                    build-output.txt
      Remote Theme: Using theme abhinavs/moonwalk
       Jekyll Feed: Generating feed for posts
                    ...done in 0.207230941 seconds.
                    
      Regenerating: 1 file(s) changed at 2026-04-28 20:03:27
                    build-output.txt
      Remote Theme: Using theme abhinavs/moonwalk
       Jekyll Feed: Generating feed for posts
                    ...done in 0.21289747 seconds.
                    
      Regenerating: 1 file(s) changed at 2026-04-28 20:03:28
                    build-output.txt
      Remote Theme: Using theme abhinavs/moonwalk
       Jekyll Feed: Generating feed for posts
                    ...done in 0.191072004 seconds.
                    
      Regenerating: 1 file(s) changed at 2026-04-28 20:03:28
                    build-output.txt
      Remote Theme: Using theme abhinavs/moonwalk
       Jekyll Feed: Generating feed for posts
                    ...done in 0.2152528 seconds.
                    
      Regenerating: 1 file(s) changed at 2026-04-28 20:03:28
                    build-output.txt
      Remote Theme: Using theme abhinavs/moonwalk
       Jekyll Feed: Generating feed for posts
                    ...done in 0.217184601 seconds.
                    
      Regenerating: 1 file(s) changed at 2026-04-28 20:03:28
                    build-output.txt
      Remote Theme: Using theme abhinavs/moonwalk
       Jekyll Feed: Generating feed for posts
                    ...done in 0.204880786 seconds.
                    
      Regenerating: 1 file(s) changed at 2026-04-28 20:03:29
                    build-output.txt
      Remote Theme: Using theme abhinavs/moonwalk
       Jekyll Feed: Generating feed for posts
                    ...done in 0.208914158 seconds.
                    
      Regenerating: 1 file(s) changed at 2026-04-28 20:03:29
                    build-output.txt
      Remote Theme: Using theme abhinavs/moonwalk
       Jekyll Feed: Generating feed for posts
                    ...done in 0.220489271 seconds.
                    
      Regenerating: 1 file(s) changed at 2026-04-28 20:03:29
                    build-output.txt
      Remote Theme: Using theme abhinavs/moonwalk
       Jekyll Feed: Generating feed for posts
                    ...done in 0.216695553 seconds.
                    
      Regenerating: 1 file(s) changed at 2026-04-28 20:03:30
                    build-output.txt
      Remote Theme: Using theme abhinavs/moonwalk
       Jekyll Feed: Generating feed for posts
                    ...done in 0.220575308 seconds.
                    
      Regenerating: 1 file(s) changed at 2026-04-28 20:03:30
                    build-output.txt
      Remote Theme: Using theme abhinavs/moonwalk
       Jekyll Feed: Generating feed for posts
                    ...done in 0.217343742 seconds.
                    
      Regenerating: 1 file(s) changed at 2026-04-28 20:03:30
                    build-output.txt
      Remote Theme: Using theme abhinavs/moonwalk
       Jekyll Feed: Generating feed for posts
                    ...done in 0.221056616 seconds.
                    
      Regenerating: 1 file(s) changed at 2026-04-28 20:03:31
                    build-output.txt
      Remote Theme: Using theme abhinavs/moonwalk
       Jekyll Feed: Generating feed for posts
                    ...done in 0.215089283 seconds.
                    
      Regenerating: 1 file(s) changed at 2026-04-28 20:03:31
                    build-output.txt
      Remote Theme: Using theme abhinavs/moonwalk
       Jekyll Feed: Generating feed for posts
                    ...done in 0.215953552 seconds.
                    
      Regenerating: 1 file(s) changed at 2026-04-28 20:03:31
                    build-output.txt
      Remote Theme: Using theme abhinavs/moonwalk
       Jekyll Feed: Generating feed for posts
                    ...done in 0.21909173 seconds.
                    
      Regenerating: 1 file(s) changed at 2026-04-28 20:03:32
                    build-output.txt
      Remote Theme: Using theme abhinavs/moonwalk
       Jekyll Feed: Generating feed for posts
                    ...done in 0.219896539 seconds.
                    
      Regenerating: 1 file(s) changed at 2026-04-28 20:03:32
                    build-output.txt
      Remote Theme: Using theme abhinavs/moonwalk
       Jekyll Feed: Generating feed for posts
                    ...done in 0.212511774 seconds.
                    
      Regenerating: 1 file(s) changed at 2026-04-28 20:03:32
                    build-output.txt
      Remote Theme: Using theme abhinavs/moonwalk
       Jekyll Feed: Generating feed for posts
                    ...done in 0.208241068 seconds.
                    
      Regenerating: 1 file(s) changed at 2026-04-28 20:03:33
                    build-output.txt
      Remote Theme: Using theme abhinavs/moonwalk
       Jekyll Feed: Generating feed for posts
                    ...done in 0.215395825 seconds.
                    
      Regenerating: 1 file(s) changed at 2026-04-28 20:03:33
                    build-output.txt
      Remote Theme: Using theme abhinavs/moonwalk
       Jekyll Feed: Generating feed for posts
                    ...done in 0.218589438 seconds.
                    
      Regenerating: 1 file(s) changed at 2026-04-28 20:03:33
                    build-output.txt
      Remote Theme: Using theme abhinavs/moonwalk
       Jekyll Feed: Generating feed for posts
                    ...done in 0.212702883 seconds.
                    
      Regenerating: 1 file(s) changed at 2026-04-28 20:03:34
                    build-output.txt
      Remote Theme: Using theme abhinavs/moonwalk
       Jekyll Feed: Generating feed for posts
                    ...done in 0.212273167 seconds.
                    
      Regenerating: 1 file(s) changed at 2026-04-28 20:03:34
                    build-output.txt
      Remote Theme: Using theme abhinavs/moonwalk
       Jekyll Feed: Generating feed for posts
                    ...done in 0.186430932 seconds.
                    
      Regenerating: 1 file(s) changed at 2026-04-28 20:03:34
                    build-output.txt
      Remote Theme: Using theme abhinavs/moonwalk
       Jekyll Feed: Generating feed for posts
                    ...done in 0.288055554 seconds.
                    
      Regenerating: 1 file(s) changed at 2026-04-28 20:03:35
                    build-output.txt
      Remote Theme: Using theme abhinavs/moonwalk
       Jekyll Feed: Generating feed for posts
                    ...done in 0.205456479 seconds.
                    
      Regenerating: 1 file(s) changed at 2026-04-28 20:03:35
                    build-output.txt
      Remote Theme: Using theme abhinavs/moonwalk
       Jekyll Feed: Generating feed for posts
                    ...done in 0.229280749 seconds.
                    
      Regenerating: 1 file(s) changed at 2026-04-28 20:03:35
                    build-output.txt
      Remote Theme: Using theme abhinavs/moonwalk
       Jekyll Feed: Generating feed for posts
                    ...done in 0.208654068 seconds.
                    
      Regenerating: 1 file(s) changed at 2026-04-28 20:03:35
                    build-output.txt
      Remote Theme: Using theme abhinavs/moonwalk
       Jekyll Feed: Generating feed for posts
                    ...done in 0.240207646 seconds.
                    
      Regenerating: 1 file(s) changed at 2026-04-28 20:03:36
                    build-output.txt
      Remote Theme: Using theme abhinavs/moonwalk
       Jekyll Feed: Generating feed for posts
                    ...done in 0.18252757 seconds.
                    
      Regenerating: 1 file(s) changed at 2026-04-28 20:03:36
                    build-output.txt
      Remote Theme: Using theme abhinavs/moonwalk
       Jekyll Feed: Generating feed for posts
                    ...done in 0.225345709 seconds.
                    
      Regenerating: 1 file(s) changed at 2026-04-28 20:03:36
                    build-output.txt
      Remote Theme: Using theme abhinavs/moonwalk
       Jekyll Feed: Generating feed for posts
                    ...done in 0.186154307 seconds.
                    
      Regenerating: 1 file(s) changed at 2026-04-28 20:03:37
                    build-output.txt
      Remote Theme: Using theme abhinavs/moonwalk
       Jekyll Feed: Generating feed for posts
                    ...done in 0.211925178 seconds.
                    
      Regenerating: 1 file(s) changed at 2026-04-28 20:03:37
                    build-output.txt
      Remote Theme: Using theme abhinavs/moonwalk
       Jekyll Feed: Generating feed for posts
                    ...done in 0.215482987 seconds.
                    
      Regenerating: 1 file(s) changed at 2026-04-28 20:03:37
                    build-output.txt
      Remote Theme: Using theme abhinavs/moonwalk
       Jekyll Feed: Generating feed for posts
                    ...done in 0.2133391 seconds.
                    
      Regenerating: 1 file(s) changed at 2026-04-28 20:03:38
                    build-output.txt
      Remote Theme: Using theme abhinavs/moonwalk
       Jekyll Feed: Generating feed for posts
                    ...done in 0.195481035 seconds.
                    
      Regenerating: 1 file(s) changed at 2026-04-28 20:03:38
                    build-output.txt
      Remote Theme: Using theme abhinavs/moonwalk
       Jekyll Feed: Generating feed for posts
                    ...done in 0.189863999 seconds.
                    
      Regenerating: 1 file(s) changed at 2026-04-28 20:03:38
                    build-output.txt
      Remote Theme: Using theme abhinavs/moonwalk
       Jekyll Feed: Generating feed for posts
                    ...done in 0.185229412 seconds.
                    
      Regenerating: 1 file(s) changed at 2026-04-28 20:03:39
                    build-output.txt
      Remote Theme: Using theme abhinavs/moonwalk
       Jekyll Feed: Generating feed for posts
                    ...done in 0.216078325 seconds.
                    
      Regenerating: 1 file(s) changed at 2026-04-28 20:03:39
                    build-output.txt
      Remote Theme: Using theme abhinavs/moonwalk
       Jekyll Feed: Generating feed for posts
                    ...done in 0.22458102 seconds.
                    
      Regenerating: 1 file(s) changed at 2026-04-28 20:03:39
                    build-output.txt
      Remote Theme: Using theme abhinavs/moonwalk
       Jekyll Feed: Generating feed for posts
                    ...done in 0.186118716 seconds.
                    
      Regenerating: 1 file(s) changed at 2026-04-28 20:03:39
                    build-output.txt
      Remote Theme: Using theme abhinavs/moonwalk
       Jekyll Feed: Generating feed for posts
                    ...done in 0.204853009 seconds.
                    
      Regenerating: 1 file(s) changed at 2026-04-28 20:03:40
                    build-output.txt
      Remote Theme: Using theme abhinavs/moonwalk
       Jekyll Feed: Generating feed for posts
                    ...done in 0.203532065 seconds.
                    
      Regenerating: 1 file(s) changed at 2026-04-28 20:03:40
                    build-output.txt
      Remote Theme: Using theme abhinavs/moonwalk
       Jekyll Feed: Generating feed for posts
                    ...done in 0.217862987 seconds.
                    
      Regenerating: 1 file(s) changed at 2026-04-28 20:03:40
                    build-output.txt
      Remote Theme: Using theme abhinavs/moonwalk
       Jekyll Feed: Generating feed for posts
                    ...done in 0.201445597 seconds.
                    
      Regenerating: 1 file(s) changed at 2026-04-28 20:03:41
                    build-output.txt
      Remote Theme: Using theme abhinavs/moonwalk
       Jekyll Feed: Generating feed for posts
                    ...done in 0.212430796 seconds.
                    
      Regenerating: 1 file(s) changed at 2026-04-28 20:03:41
                    build-output.txt
      Remote Theme: Using theme abhinavs/moonwalk
       Jekyll Feed: Generating feed for posts
                    ...done in 0.217971575 seconds.
                    
      Regenerating: 1 file(s) changed at 2026-04-28 20:03:41
                    build-output.txt
      Remote Theme: Using theme abhinavs/moonwalk
       Jekyll Feed: Generating feed for posts
                    ...done in 0.218654491 seconds.
                    
      Regenerating: 1 file(s) changed at 2026-04-28 20:03:42
                    build-output.txt
      Remote Theme: Using theme abhinavs/moonwalk
       Jekyll Feed: Generating feed for posts
                    ...done in 0.218574638 seconds.
                    
      Regenerating: 1 file(s) changed at 2026-04-28 20:03:42
                    build-output.txt
      Remote Theme: Using theme abhinavs/moonwalk
       Jekyll Feed: Generating feed for posts
                    ...done in 0.214421299 seconds.
                    
      Regenerating: 1 file(s) changed at 2026-04-28 20:03:42
                    build-output.txt
      Remote Theme: Using theme abhinavs/moonwalk
       Jekyll Feed: Generating feed for posts
                    ...done in 0.205117864 seconds.
                    
      Regenerating: 1 file(s) changed at 2026-04-28 20:03:43
                    build-output.txt
      Remote Theme: Using theme abhinavs/moonwalk
       Jekyll Feed: Generating feed for posts
                    ...done in 0.189740122 seconds.
                    
      Regenerating: 1 file(s) changed at 2026-04-28 20:03:43
                    build-output.txt
      Remote Theme: Using theme abhinavs/moonwalk
       Jekyll Feed: Generating feed for posts
                    ...done in 0.267726467 seconds.
                    
      Regenerating: 1 file(s) changed at 2026-04-28 20:03:43
                    build-output.txt
      Remote Theme: Using theme abhinavs/moonwalk
       Jekyll Feed: Generating feed for posts
                    ...done in 0.189576826 seconds.
                    
      Regenerating: 1 file(s) changed at 2026-04-28 20:03:44
                    build-output.txt
      Remote Theme: Using theme abhinavs/moonwalk
       Jekyll Feed: Generating feed for posts
                    ...done in 0.195597797 seconds.
                    
      Regenerating: 1 file(s) changed at 2026-04-28 20:03:44
                    build-output.txt
      Remote Theme: Using theme abhinavs/moonwalk
       Jekyll Feed: Generating feed for posts
                    ...done in 0.21107813 seconds.
                    
      Regenerating: 1 file(s) changed at 2026-04-28 20:03:44
                    build-output.txt
      Remote Theme: Using theme abhinavs/moonwalk
       Jekyll Feed: Generating feed for posts
                    ...done in 0.197503814 seconds.
                    
      Regenerating: 1 file(s) changed at 2026-04-28 20:03:44
                    build-output.txt
      Remote Theme: Using theme abhinavs/moonwalk
       Jekyll Feed: Generating feed for posts
                    ...done in 0.213067745 seconds.
                    
      Regenerating: 1 file(s) changed at 2026-04-28 20:03:45
                    build-output.txt
      Remote Theme: Using theme abhinavs/moonwalk
       Jekyll Feed: Generating feed for posts
                    ...done in 0.193416355 seconds.
                    
      Regenerating: 1 file(s) changed at 2026-04-28 20:03:45
                    build-output.txt
      Remote Theme: Using theme abhinavs/moonwalk
       Jekyll Feed: Generating feed for posts
                    ...done in 0.228784726 seconds.
                    
      Regenerating: 1 file(s) changed at 2026-04-28 20:03:45
                    build-output.txt
      Remote Theme: Using theme abhinavs/moonwalk
       Jekyll Feed: Generating feed for posts
                    ...done in 0.205221397 seconds.
                    
      Regenerating: 1 file(s) changed at 2026-04-28 20:03:46
                    build-output.txt
      Remote Theme: Using theme abhinavs/moonwalk
       Jekyll Feed: Generating feed for posts
                    ...done in 0.213595254 seconds.
                    
      Regenerating: 1 file(s) changed at 2026-04-28 20:03:46
                    build-output.txt
      Remote Theme: Using theme abhinavs/moonwalk
       Jekyll Feed: Generating feed for posts
                    ...done in 0.191551824 seconds.
                    
      Regenerating: 1 file(s) changed at 2026-04-28 20:03:46
                    build-output.txt
      Remote Theme: Using theme abhinavs/moonwalk
       Jekyll Feed: Generating feed for posts
                    ...done in 0.211078647 seconds.
                    
      Regenerating: 1 file(s) changed at 2026-04-28 20:03:47
                    build-output.txt
      Remote Theme: Using theme abhinavs/moonwalk
       Jekyll Feed: Generating feed for posts
                    ...done in 0.210794945 seconds.
                    
      Regenerating: 1 file(s) changed at 2026-04-28 20:03:47
                    build-output.txt
      Remote Theme: Using theme abhinavs/moonwalk
       Jekyll Feed: Generating feed for posts
                    ...done in 0.198314652 seconds.
                    
      Regenerating: 1 file(s) changed at 2026-04-28 20:03:47
                    build-output.txt
      Remote Theme: Using theme abhinavs/moonwalk
       Jekyll Feed: Generating feed for posts
                    ...done in 0.193967321 seconds.
                    
      Regenerating: 1 file(s) changed at 2026-04-28 20:03:48
                    build-output.txt
      Remote Theme: Using theme abhinavs/moonwalk
       Jekyll Feed: Generating feed for posts
                    ...done in 0.208036959 seconds.
                    
      Regenerating: 1 file(s) changed at 2026-04-28 20:03:48
                    build-output.txt
      Remote Theme: Using theme abhinavs/moonwalk
       Jekyll Feed: Generating feed for posts
                    ...done in 0.211971653 seconds.
                    
      Regenerating: 1 file(s) changed at 2026-04-28 20:03:48
                    build-output.txt
      Remote Theme: Using theme abhinavs/moonwalk
       Jekyll Feed: Generating feed for posts
                    ...done in 0.2046098 seconds.
                    
      Regenerating: 1 file(s) changed at 2026-04-28 20:03:48
                    build-output.txt
      Remote Theme: Using theme abhinavs/moonwalk
       Jekyll Feed: Generating feed for posts
                    ...done in 0.192346753 seconds.
                    
      Regenerating: 1 file(s) changed at 2026-04-28 20:03:49
                    build-output.txt
      Remote Theme: Using theme abhinavs/moonwalk
       Jekyll Feed: Generating feed for posts
                    ...done in 0.195984442 seconds.
                    
      Regenerating: 1 file(s) changed at 2026-04-28 20:03:49
                    build-output.txt
      Remote Theme: Using theme abhinavs/moonwalk
       Jekyll Feed: Generating feed for posts
                    ...done in 0.200863352 seconds.
                    
      Regenerating: 1 file(s) changed at 2026-04-28 20:03:49
                    build-output.txt
      Remote Theme: Using theme abhinavs/moonwalk
       Jekyll Feed: Generating feed for posts
                    ...done in 0.227615499 seconds.
                    
      Regenerating: 1 file(s) changed at 2026-04-28 20:03:50
                    build-output.txt
      Remote Theme: Using theme abhinavs/moonwalk
       Jekyll Feed: Generating feed for posts
                    ...done in 0.231301197 seconds.
                    
      Regenerating: 1 file(s) changed at 2026-04-28 20:03:50
                    build-output.txt
      Remote Theme: Using theme abhinavs/moonwalk
       Jekyll Feed: Generating feed for posts
                    ...done in 0.211838298 seconds.
                    
      Regenerating: 1 file(s) changed at 2026-04-28 20:03:50
                    build-output.txt
      Remote Theme: Using theme abhinavs/moonwalk
       Jekyll Feed: Generating feed for posts
                    ...done in 0.195409366 seconds.
                    
      Regenerating: 1 file(s) changed at 2026-04-28 20:03:51
                    build-output.txt
      Remote Theme: Using theme abhinavs/moonwalk
       Jekyll Feed: Generating feed for posts
                    ...done in 0.204589397 seconds.
                    
      Regenerating: 1 file(s) changed at 2026-04-28 20:03:51
                    build-output.txt
      Remote Theme: Using theme abhinavs/moonwalk
       Jekyll Feed: Generating feed for posts
                    ...done in 0.200603901 seconds.
                    
      Regenerating: 1 file(s) changed at 2026-04-28 20:03:51
                    build-output.txt
      Remote Theme: Using theme abhinavs/moonwalk
       Jekyll Feed: Generating feed for posts
                    ...done in 0.200927797 seconds.
                    
      Regenerating: 1 file(s) changed at 2026-04-28 20:03:52
                    build-output.txt
      Remote Theme: Using theme abhinavs/moonwalk
       Jekyll Feed: Generating feed for posts
                    ...done in 0.202737539 seconds.
                    
      Regenerating: 1 file(s) changed at 2026-04-28 20:03:52
                    build-output.txt
      Remote Theme: Using theme abhinavs/moonwalk
       Jekyll Feed: Generating feed for posts
                    ...done in 0.25346047 seconds.
                    
      Regenerating: 1 file(s) changed at 2026-04-28 20:03:52
                    build-output.txt
      Remote Theme: Using theme abhinavs/moonwalk
       Jekyll Feed: Generating feed for posts
                    ...done in 0.198031676 seconds.
                    
      Regenerating: 1 file(s) changed at 2026-04-28 20:03:53
                    build-output.txt
      Remote Theme: Using theme abhinavs/moonwalk
       Jekyll Feed: Generating feed for posts
                    ...done in 0.202816792 seconds.
                    
      Regenerating: 1 file(s) changed at 2026-04-28 20:03:53
                    build-output.txt
      Remote Theme: Using theme abhinavs/moonwalk
       Jekyll Feed: Generating feed for posts
                    ...done in 0.215335743 seconds.
                    
      Regenerating: 1 file(s) changed at 2026-04-28 20:03:53
                    build-output.txt
      Remote Theme: Using theme abhinavs/moonwalk
       Jekyll Feed: Generating feed for posts
                    ...done in 0.217299236 seconds.
                    
      Regenerating: 1 file(s) changed at 2026-04-28 20:03:53
                    build-output.txt
      Remote Theme: Using theme abhinavs/moonwalk
       Jekyll Feed: Generating feed for posts
                    ...done in 0.220349284 seconds.
                    
      Regenerating: 1 file(s) changed at 2026-04-28 20:03:54
                    build-output.txt
      Remote Theme: Using theme abhinavs/moonwalk
       Jekyll Feed: Generating feed for posts
                    ...done in 0.186739775 seconds.
                    
      Regenerating: 1 file(s) changed at 2026-04-28 20:03:54
                    build-output.txt
      Remote Theme: Using theme abhinavs/moonwalk
       Jekyll Feed: Generating feed for posts
                    ...done in 0.198932006 seconds.
                    
      Regenerating: 1 file(s) changed at 2026-04-28 20:03:54
                    build-output.txt
      Remote Theme: Using theme abhinavs/moonwalk
       Jekyll Feed: Generating feed for posts
                    ...done in 0.218225103 seconds.
                    
      Regenerating: 1 file(s) changed at 2026-04-28 20:03:55
                    build-output.txt
      Remote Theme: Using theme abhinavs/moonwalk
       Jekyll Feed: Generating feed for posts
                    ...done in 0.211939961 seconds.
                    
      Regenerating: 1 file(s) changed at 2026-04-28 20:03:55
                    build-output.txt
      Remote Theme: Using theme abhinavs/moonwalk
       Jekyll Feed: Generating feed for posts
                    ...done in 0.187019147 seconds.
                    
      Regenerating: 1 file(s) changed at 2026-04-28 20:03:55
                    build-output.txt
      Remote Theme: Using theme abhinavs/moonwalk
       Jekyll Feed: Generating feed for posts
                    ...done in 0.186163302 seconds.
                    
      Regenerating: 1 file(s) changed at 2026-04-28 20:03:56
                    build-output.txt
      Remote Theme: Using theme abhinavs/moonwalk
       Jekyll Feed: Generating feed for posts
                    ...done in 0.206647699 seconds.
                    
      Regenerating: 1 file(s) changed at 2026-04-28 20:03:56
                    build-output.txt
      Remote Theme: Using theme abhinavs/moonwalk
       Jekyll Feed: Generating feed for posts
                    ...done in 0.217827688 seconds.
                    
      Regenerating: 1 file(s) changed at 2026-04-28 20:03:56
                    build-output.txt
      Remote Theme: Using theme abhinavs/moonwalk
       Jekyll Feed: Generating feed for posts
                    ...done in 0.214018698 seconds.
                    
      Regenerating: 1 file(s) changed at 2026-04-28 20:03:57
                    build-output.txt
      Remote Theme: Using theme abhinavs/moonwalk
       Jekyll Feed: Generating feed for posts
                    ...done in 0.216523098 seconds.
                    
      Regenerating: 1 file(s) changed at 2026-04-28 20:03:57
                    build-output.txt
      Remote Theme: Using theme abhinavs/moonwalk
       Jekyll Feed: Generating feed for posts
                    ...done in 0.203246063 seconds.
                    
      Regenerating: 1 file(s) changed at 2026-04-28 20:03:57
                    build-output.txt
      Remote Theme: Using theme abhinavs/moonwalk
       Jekyll Feed: Generating feed for posts
                    ...done in 0.192554535 seconds.
                    
      Regenerating: 1 file(s) changed at 2026-04-28 20:03:57
                    build-output.txt
      Remote Theme: Using theme abhinavs/moonwalk
       Jekyll Feed: Generating feed for posts
                    ...done in 0.201510849 seconds.
                    
      Regenerating: 1 file(s) changed at 2026-04-28 20:03:58
                    build-output.txt
      Remote Theme: Using theme abhinavs/moonwalk
       Jekyll Feed: Generating feed for posts
                    ...done in 0.228889422 seconds.
                    
      Regenerating: 1 file(s) changed at 2026-04-28 20:03:58
                    build-output.txt
      Remote Theme: Using theme abhinavs/moonwalk
       Jekyll Feed: Generating feed for posts
                    ...done in 0.200548524 seconds.
                    
      Regenerating: 1 file(s) changed at 2026-04-28 20:03:58
                    build-output.txt
      Remote Theme: Using theme abhinavs/moonwalk
       Jekyll Feed: Generating feed for posts
                    ...done in 0.182823159 seconds.
                    
      Regenerating: 1 file(s) changed at 2026-04-28 20:03:59
                    build-output.txt
      Remote Theme: Using theme abhinavs/moonwalk
       Jekyll Feed: Generating feed for posts
                    ...done in 0.191010592 seconds.
                    
      Regenerating: 1 file(s) changed at 2026-04-28 20:03:59
                    build-output.txt
      Remote Theme: Using theme abhinavs/moonwalk
       Jekyll Feed: Generating feed for posts
                    ...done in 0.224833828 seconds.
                    
      Regenerating: 1 file(s) changed at 2026-04-28 20:03:59
                    build-output.txt
      Remote Theme: Using theme abhinavs/moonwalk
       Jekyll Feed: Generating feed for posts
                    ...done in 0.219646845 seconds.
                    
      Regenerating: 1 file(s) changed at 2026-04-28 20:04:00
                    build-output.txt
      Remote Theme: Using theme abhinavs/moonwalk
       Jekyll Feed: Generating feed for posts
                    ...done in 0.204187539 seconds.
                    
      Regenerating: 1 file(s) changed at 2026-04-28 20:04:00
                    build-output.txt
      Remote Theme: Using theme abhinavs/moonwalk
       Jekyll Feed: Generating feed for posts
                    ...done in 0.197988948 seconds.
                    
      Regenerating: 1 file(s) changed at 2026-04-28 20:04:00
                    build-output.txt
      Remote Theme: Using theme abhinavs/moonwalk
       Jekyll Feed: Generating feed for posts
                    ...done in 0.183690825 seconds.
                    
      Regenerating: 1 file(s) changed at 2026-04-28 20:04:01
                    build-output.txt
      Remote Theme: Using theme abhinavs/moonwalk
       Jekyll Feed: Generating feed for posts
                    ...done in 0.207754861 seconds.
                    
      Regenerating: 1 file(s) changed at 2026-04-28 20:04:01
                    build-output.txt
      Remote Theme: Using theme abhinavs/moonwalk
       Jekyll Feed: Generating feed for posts
                    ...done in 0.196732179 seconds.
                    
      Regenerating: 1 file(s) changed at 2026-04-28 20:04:01
                    build-output.txt
      Remote Theme: Using theme abhinavs/moonwalk
       Jekyll Feed: Generating feed for posts
                    ...done in 0.197534735 seconds.
                    
      Regenerating: 1 file(s) changed at 2026-04-28 20:04:01
                    build-output.txt
      Remote Theme: Using theme abhinavs/moonwalk
       Jekyll Feed: Generating feed for posts
                    ...done in 0.25204974 seconds.
                    
      Regenerating: 1 file(s) changed at 2026-04-28 20:04:02
                    build-output.txt
      Remote Theme: Using theme abhinavs/moonwalk
       Jekyll Feed: Generating feed for posts
                    ...done in 0.214967977 seconds.
                    
      Regenerating: 1 file(s) changed at 2026-04-28 20:04:02
                    build-output.txt
      Remote Theme: Using theme abhinavs/moonwalk
       Jekyll Feed: Generating feed for posts
                    ...done in 0.183559364 seconds.
                    
      Regenerating: 1 file(s) changed at 2026-04-28 20:04:02
                    build-output.txt
      Remote Theme: Using theme abhinavs/moonwalk
       Jekyll Feed: Generating feed for posts
                    ...done in 0.205199932 seconds.
                    
      Regenerating: 1 file(s) changed at 2026-04-28 20:04:03
                    build-output.txt
      Remote Theme: Using theme abhinavs/moonwalk
       Jekyll Feed: Generating feed for posts
                    ...done in 0.222963864 seconds.
                    
      Regenerating: 1 file(s) changed at 2026-04-28 20:04:03
                    build-output.txt
      Remote Theme: Using theme abhinavs/moonwalk
       Jekyll Feed: Generating feed for posts
                    ...done in 0.21053572 seconds.
                    
      Regenerating: 1 file(s) changed at 2026-04-28 20:04:03
                    build-output.txt
      Remote Theme: Using theme abhinavs/moonwalk
       Jekyll Feed: Generating feed for posts
                    ...done in 0.221506019 seconds.
                    
      Regenerating: 1 file(s) changed at 2026-04-28 20:04:04
                    build-output.txt
      Remote Theme: Using theme abhinavs/moonwalk
       Jekyll Feed: Generating feed for posts
                    ...done in 0.209913434 seconds.
                    
      Regenerating: 1 file(s) changed at 2026-04-28 20:04:04
                    build-output.txt
      Remote Theme: Using theme abhinavs/moonwalk
       Jekyll Feed: Generating feed for posts
                    ...done in 0.202320872 seconds.
                    
      Regenerating: 1 file(s) changed at 2026-04-28 20:04:04
                    build-output.txt
      Remote Theme: Using theme abhinavs/moonwalk
       Jekyll Feed: Generating feed for posts
                    ...done in 0.206579391 seconds.
                    
      Regenerating: 1 file(s) changed at 2026-04-28 20:04:05
                    build-output.txt
      Remote Theme: Using theme abhinavs/moonwalk
       Jekyll Feed: Generating feed for posts
                    ...done in 0.230664496 seconds.
                    
      Regenerating: 1 file(s) changed at 2026-04-28 20:04:05
                    build-output.txt
      Remote Theme: Using theme abhinavs/moonwalk
       Jekyll Feed: Generating feed for posts
                    ...done in 0.218794649 seconds.
                    
      Regenerating: 1 file(s) changed at 2026-04-28 20:04:05
                    build-output.txt
      Remote Theme: Using theme abhinavs/moonwalk
       Jekyll Feed: Generating feed for posts
                    ...done in 0.202258357 seconds.
                    
      Regenerating: 1 file(s) changed at 2026-04-28 20:04:06
                    build-output.txt
      Remote Theme: Using theme abhinavs/moonwalk
       Jekyll Feed: Generating feed for posts
                    ...done in 0.20983196 seconds.
                    
      Regenerating: 1 file(s) changed at 2026-04-28 20:04:06
                    build-output.txt
      Remote Theme: Using theme abhinavs/moonwalk
       Jekyll Feed: Generating feed for posts
                    ...done in 0.198019232 seconds.
                    
      Regenerating: 1 file(s) changed at 2026-04-28 20:04:06
                    build-output.txt
      Remote Theme: Using theme abhinavs/moonwalk
       Jekyll Feed: Generating feed for posts
                    ...done in 0.212007903 seconds.
                    
      Regenerating: 1 file(s) changed at 2026-04-28 20:04:06
                    build-output.txt
      Remote Theme: Using theme abhinavs/moonwalk
       Jekyll Feed: Generating feed for posts
                    ...done in 0.187051455 seconds.
                    
      Regenerating: 1 file(s) changed at 2026-04-28 20:04:07
                    build-output.txt
      Remote Theme: Using theme abhinavs/moonwalk
       Jekyll Feed: Generating feed for posts
                    ...done in 0.201683155 seconds.
                    
      Regenerating: 1 file(s) changed at 2026-04-28 20:04:07
                    build-output.txt
      Remote Theme: Using theme abhinavs/moonwalk
       Jekyll Feed: Generating feed for posts
                    ...done in 0.221440737 seconds.
                    
      Regenerating: 1 file(s) changed at 2026-04-28 20:04:07
                    build-output.txt
      Remote Theme: Using theme abhinavs/moonwalk
       Jekyll Feed: Generating feed for posts
                    ...done in 0.209480124 seconds.
                    
      Regenerating: 1 file(s) changed at 2026-04-28 20:04:08
                    build-output.txt
      Remote Theme: Using theme abhinavs/moonwalk
       Jekyll Feed: Generating feed for posts
                    ...done in 0.21710698 seconds.
                    
      Regenerating: 1 file(s) changed at 2026-04-28 20:04:08
                    build-output.txt
      Remote Theme: Using theme abhinavs/moonwalk
       Jekyll Feed: Generating feed for posts
                    ...done in 0.187243098 seconds.
                    
[2026-04-28 20:04:08] ERROR '/favicon-192x192.png' not found.
[2026-04-28 20:04:08] ERROR '/favicon-16x16.png' not found.
      Regenerating: 1 file(s) changed at 2026-04-28 20:04:08
                    build-output.txt
      Remote Theme: Using theme abhinavs/moonwalk
       Jekyll Feed: Generating feed for posts
                    ...done in 0.181561732 seconds.
                    
      Regenerating: 1 file(s) changed at 2026-04-28 20:04:09
                    build-output.txt
      Remote Theme: Using theme abhinavs/moonwalk
       Jekyll Feed: Generating feed for posts
                    ...done in 0.201230405 seconds.
                    
      Regenerating: 1 file(s) changed at 2026-04-28 20:04:09
                    build-output.txt
      Remote Theme: Using theme abhinavs/moonwalk
       Jekyll Feed: Generating feed for posts
[2026-04-28 20:04:09] ERROR '/sw.js' not found.
                    ...done in 0.206758582 seconds.
                    
      Regenerating: 1 file(s) changed at 2026-04-28 20:04:09
                    build-output.txt
      Remote Theme: Using theme abhinavs/moonwalk
       Jekyll Feed: Generating feed for posts
                    ...done in 0.21382484 seconds.
                    
      Regenerating: 1 file(s) changed at 2026-04-28 20:04:09
                    build-output.txt
      Remote Theme: Using theme abhinavs/moonwalk
       Jekyll Feed: Generating feed for posts
                    ...done in 0.202706921 seconds.
                    
      Regenerating: 1 file(s) changed at 2026-04-28 20:04:10
                    build-output.txt
      Remote Theme: Using theme abhinavs/moonwalk
       Jekyll Feed: Generating feed for posts
                    ...done in 0.223176697 seconds.
                    
      Regenerating: 1 file(s) changed at 2026-04-28 20:04:10
                    build-output.txt
      Remote Theme: Using theme abhinavs/moonwalk
       Jekyll Feed: Generating feed for posts
                    ...done in 0.226420893 seconds.
                    
      Regenerating: 1 file(s) changed at 2026-04-28 20:04:10
                    build-output.txt
      Remote Theme: Using theme abhinavs/moonwalk
       Jekyll Feed: Generating feed for posts
                    ...done in 0.204192875 seconds.
                    
      Regenerating: 1 file(s) changed at 2026-04-28 20:04:11
                    build-output.txt
      Remote Theme: Using theme abhinavs/moonwalk
       Jekyll Feed: Generating feed for posts
                    ...done in 0.2265863 seconds.
                    
      Regenerating: 1 file(s) changed at 2026-04-28 20:04:11
                    build-output.txt
      Remote Theme: Using theme abhinavs/moonwalk
       Jekyll Feed: Generating feed for posts
                    ...done in 0.2157336 seconds.
                    
      Regenerating: 1 file(s) changed at 2026-04-28 20:04:11
                    build-output.txt
      Remote Theme: Using theme abhinavs/moonwalk
       Jekyll Feed: Generating feed for posts
                    ...done in 0.244581156 seconds.
                    
      Regenerating: 1 file(s) changed at 2026-04-28 20:04:12
                    build-output.txt
      Remote Theme: Using theme abhinavs/moonwalk
       Jekyll Feed: Generating feed for posts
                    ...done in 0.186792811 seconds.
                    
      Regenerating: 1 file(s) changed at 2026-04-28 20:04:12
                    build-output.txt
      Remote Theme: Using theme abhinavs/moonwalk
       Jekyll Feed: Generating feed for posts
                    ...done in 0.21275655 seconds.
                    
      Regenerating: 1 file(s) changed at 2026-04-28 20:04:12
                    build-output.txt
      Remote Theme: Using theme abhinavs/moonwalk
       Jekyll Feed: Generating feed for posts
                    ...done in 0.216814022 seconds.
                    
      Regenerating: 1 file(s) changed at 2026-04-28 20:04:13
                    build-output.txt
      Remote Theme: Using theme abhinavs/moonwalk
       Jekyll Feed: Generating feed for posts
                    ...done in 0.219466074 seconds.
                    
      Regenerating: 1 file(s) changed at 2026-04-28 20:04:13
                    build-output.txt
      Remote Theme: Using theme abhinavs/moonwalk
       Jekyll Feed: Generating feed for posts
                    ...done in 0.195531446 seconds.
                    
      Regenerating: 1 file(s) changed at 2026-04-28 20:04:13
                    build-output.txt
      Remote Theme: Using theme abhinavs/moonwalk
       Jekyll Feed: Generating feed for posts
                    ...done in 0.204396981 seconds.
                    
      Regenerating: 1 file(s) changed at 2026-04-28 20:04:14
                    build-output.txt
      Remote Theme: Using theme abhinavs/moonwalk
       Jekyll Feed: Generating feed for posts
                    ...done in 0.208485968 seconds.
                    
      Regenerating: 1 file(s) changed at 2026-04-28 20:04:14
                    build-output.txt
      Remote Theme: Using theme abhinavs/moonwalk
       Jekyll Feed: Generating feed for posts
                    ...done in 0.193075042 seconds.
                    
      Regenerating: 1 file(s) changed at 2026-04-28 20:04:14
                    build-output.txt
      Remote Theme: Using theme abhinavs/moonwalk
       Jekyll Feed: Generating feed for posts
                    ...done in 0.206712931 seconds.
                    
      Regenerating: 1 file(s) changed at 2026-04-28 20:04:14
                    build-output.txt
      Remote Theme: Using theme abhinavs/moonwalk
       Jekyll Feed: Generating feed for posts
                    ...done in 0.214068566 seconds.
                    
      Regenerating: 1 file(s) changed at 2026-04-28 20:04:15
                    build-output.txt
      Remote Theme: Using theme abhinavs/moonwalk
       Jekyll Feed: Generating feed for posts
                    ...done in 0.199186615 seconds.
                    
      Regenerating: 1 file(s) changed at 2026-04-28 20:04:15
                    build-output.txt
      Remote Theme: Using theme abhinavs/moonwalk
       Jekyll Feed: Generating feed for posts
[2026-04-28 20:04:15] ERROR '/sw.js' not found.
                    ...done in 0.199675351 seconds.
                    
      Regenerating: 1 file(s) changed at 2026-04-28 20:04:15
                    build-output.txt
      Remote Theme: Using theme abhinavs/moonwalk
       Jekyll Feed: Generating feed for posts
                    ...done in 0.204414732 seconds.
                    
      Regenerating: 1 file(s) changed at 2026-04-28 20:04:16
                    build-output.txt
      Remote Theme: Using theme abhinavs/moonwalk
       Jekyll Feed: Generating feed for posts
                    ...done in 0.207795144 seconds.
                    
      Regenerating: 1 file(s) changed at 2026-04-28 20:04:16
                    build-output.txt
      Remote Theme: Using theme abhinavs/moonwalk
       Jekyll Feed: Generating feed for posts
                    ...done in 0.192026428 seconds.
                    
      Regenerating: 1 file(s) changed at 2026-04-28 20:04:16
                    build-output.txt
      Remote Theme: Using theme abhinavs/moonwalk
       Jekyll Feed: Generating feed for posts
                    ...done in 0.222550374 seconds.
                    
      Regenerating: 1 file(s) changed at 2026-04-28 20:04:17
                    build-output.txt
      Remote Theme: Using theme abhinavs/moonwalk
       Jekyll Feed: Generating feed for posts
                    ...done in 0.229329347 seconds.
                    
      Regenerating: 1 file(s) changed at 2026-04-28 20:04:17
                    build-output.txt
      Remote Theme: Using theme abhinavs/moonwalk
       Jekyll Feed: Generating feed for posts
                    ...done in 0.222410161 seconds.
                    
      Regenerating: 1 file(s) changed at 2026-04-28 20:04:17
                    build-output.txt
      Remote Theme: Using theme abhinavs/moonwalk
       Jekyll Feed: Generating feed for posts
                    ...done in 0.198561001 seconds.
                    
      Regenerating: 1 file(s) changed at 2026-04-28 20:04:18
                    build-output.txt
      Remote Theme: Using theme abhinavs/moonwalk
       Jekyll Feed: Generating feed for posts
                    ...done in 0.204018805 seconds.
                    
      Regenerating: 1 file(s) changed at 2026-04-28 20:04:18
                    build-output.txt
      Remote Theme: Using theme abhinavs/moonwalk
       Jekyll Feed: Generating feed for posts
                    ...done in 0.224314647 seconds.
                    
      Regenerating: 1 file(s) changed at 2026-04-28 20:04:18
                    build-output.txt
      Remote Theme: Using theme abhinavs/moonwalk
       Jekyll Feed: Generating feed for posts
                    ...done in 0.216818415 seconds.
                    
      Regenerating: 1 file(s) changed at 2026-04-28 20:04:19
                    build-output.txt
      Remote Theme: Using theme abhinavs/moonwalk
       Jekyll Feed: Generating feed for posts
                    ...done in 0.222831694 seconds.
                    
      Regenerating: 1 file(s) changed at 2026-04-28 20:04:19
                    build-output.txt
      Remote Theme: Using theme abhinavs/moonwalk
       Jekyll Feed: Generating feed for posts
                    ...done in 0.21583956 seconds.
                    
      Regenerating: 1 file(s) changed at 2026-04-28 20:04:19
                    build-output.txt
      Remote Theme: Using theme abhinavs/moonwalk
       Jekyll Feed: Generating feed for posts
                    ...done in 0.199852109 seconds.
                    
      Regenerating: 1 file(s) changed at 2026-04-28 20:04:19
                    build-output.txt
      Remote Theme: Using theme abhinavs/moonwalk
       Jekyll Feed: Generating feed for posts
                    ...done in 0.230119048 seconds.
                    
      Regenerating: 1 file(s) changed at 2026-04-28 20:04:20
                    build-output.txt
      Remote Theme: Using theme abhinavs/moonwalk
       Jekyll Feed: Generating feed for posts
                    ...done in 0.22461271 seconds.
                    
      Regenerating: 1 file(s) changed at 2026-04-28 20:04:20
                    build-output.txt
      Remote Theme: Using theme abhinavs/moonwalk
       Jekyll Feed: Generating feed for posts
                    ...done in 0.215619103 seconds.
                    
      Regenerating: 1 file(s) changed at 2026-04-28 20:04:20
                    build-output.txt
      Remote Theme: Using theme abhinavs/moonwalk
       Jekyll Feed: Generating feed for posts
                    ...done in 0.209615798 seconds.
                    
      Regenerating: 1 file(s) changed at 2026-04-28 20:04:21
                    build-output.txt
      Remote Theme: Using theme abhinavs/moonwalk
       Jekyll Feed: Generating feed for posts
                    ...done in 0.201670011 seconds.
                    
      Regenerating: 1 file(s) changed at 2026-04-28 20:04:21
                    build-output.txt
      Remote Theme: Using theme abhinavs/moonwalk
       Jekyll Feed: Generating feed for posts
                    ...done in 0.20661818 seconds.
                    
      Regenerating: 1 file(s) changed at 2026-04-28 20:04:21
                    build-output.txt
      Remote Theme: Using theme abhinavs/moonwalk
       Jekyll Feed: Generating feed for posts
                    ...done in 0.192576945 seconds.
                    
      Regenerating: 1 file(s) changed at 2026-04-28 20:04:22
                    build-output.txt
      Remote Theme: Using theme abhinavs/moonwalk
       Jekyll Feed: Generating feed for posts
                    ...done in 0.208619907 seconds.
                    
      Regenerating: 1 file(s) changed at 2026-04-28 20:04:22
                    build-output.txt
      Remote Theme: Using theme abhinavs/moonwalk
       Jekyll Feed: Generating feed for posts
                    ...done in 0.265158429 seconds.
                    
      Regenerating: 1 file(s) changed at 2026-04-28 20:04:22
                    build-output.txt
      Remote Theme: Using theme abhinavs/moonwalk
       Jekyll Feed: Generating feed for posts
                    ...done in 0.207095603 seconds.
                    
      Regenerating: 1 file(s) changed at 2026-04-28 20:04:23
                    build-output.txt
      Remote Theme: Using theme abhinavs/moonwalk
       Jekyll Feed: Generating feed for posts
                    ...done in 0.200070966 seconds.
                    
      Regenerating: 1 file(s) changed at 2026-04-28 20:04:23
                    build-output.txt
      Remote Theme: Using theme abhinavs/moonwalk
       Jekyll Feed: Generating feed for posts
                    ...done in 0.224808147 seconds.
                    
      Regenerating: 1 file(s) changed at 2026-04-28 20:04:23
                    build-output.txt
      Remote Theme: Using theme abhinavs/moonwalk
       Jekyll Feed: Generating feed for posts
                    ...done in 0.202658778 seconds.
                    
      Regenerating: 1 file(s) changed at 2026-04-28 20:04:24
                    build-output.txt
      Remote Theme: Using theme abhinavs/moonwalk
       Jekyll Feed: Generating feed for posts
                    ...done in 0.202574378 seconds.
                    
      Regenerating: 1 file(s) changed at 2026-04-28 20:04:24
                    build-output.txt
      Remote Theme: Using theme abhinavs/moonwalk
       Jekyll Feed: Generating feed for posts
                    ...done in 0.192615144 seconds.
                    
      Regenerating: 1 file(s) changed at 2026-04-28 20:04:24
                    build-output.txt
      Remote Theme: Using theme abhinavs/moonwalk
       Jekyll Feed: Generating feed for posts
                    ...done in 0.185877912 seconds.
                    
      Regenerating: 1 file(s) changed at 2026-04-28 20:04:24
                    build-output.txt
      Remote Theme: Using theme abhinavs/moonwalk
       Jekyll Feed: Generating feed for posts
                    ...done in 0.207591954 seconds.
                    
      Regenerating: 1 file(s) changed at 2026-04-28 20:04:25
                    build-output.txt
      Remote Theme: Using theme abhinavs/moonwalk
       Jekyll Feed: Generating feed for posts
                    ...done in 0.202360328 seconds.
                    
      Regenerating: 1 file(s) changed at 2026-04-28 20:04:25
                    build-output.txt
      Remote Theme: Using theme abhinavs/moonwalk
       Jekyll Feed: Generating feed for posts
                    ...done in 0.184636359 seconds.
                    
      Regenerating: 1 file(s) changed at 2026-04-28 20:04:25
                    build-output.txt
      Remote Theme: Using theme abhinavs/moonwalk
       Jekyll Feed: Generating feed for posts
                    ...done in 0.182274346 seconds.
                    
      Regenerating: 1 file(s) changed at 2026-04-28 20:04:26
                    build-output.txt
      Remote Theme: Using theme abhinavs/moonwalk
       Jekyll Feed: Generating feed for posts
                    ...done in 0.214667979 seconds.
                    
      Regenerating: 1 file(s) changed at 2026-04-28 20:04:26
                    build-output.txt
      Remote Theme: Using theme abhinavs/moonwalk
       Jekyll Feed: Generating feed for posts
                    ...done in 0.192409208 seconds.
                    
      Regenerating: 1 file(s) changed at 2026-04-28 20:04:26
                    build-output.txt
      Remote Theme: Using theme abhinavs/moonwalk
       Jekyll Feed: Generating feed for posts
                    ...done in 0.200008329 seconds.
                    
      Regenerating: 1 file(s) changed at 2026-04-28 20:04:27
                    build-output.txt
      Remote Theme: Using theme abhinavs/moonwalk
       Jekyll Feed: Generating feed for posts
                    ...done in 0.209905596 seconds.
                    
      Regenerating: 1 file(s) changed at 2026-04-28 20:04:27
                    build-output.txt
      Remote Theme: Using theme abhinavs/moonwalk
       Jekyll Feed: Generating feed for posts
                    ...done in 0.217743801 seconds.
                    
      Regenerating: 1 file(s) changed at 2026-04-28 20:04:27
                    build-output.txt
      Remote Theme: Using theme abhinavs/moonwalk
       Jekyll Feed: Generating feed for posts
                    ...done in 0.20921441 seconds.
                    
      Regenerating: 1 file(s) changed at 2026-04-28 20:04:28
                    build-output.txt
      Remote Theme: Using theme abhinavs/moonwalk
       Jekyll Feed: Generating feed for posts
                    ...done in 0.220502881 seconds.
                    
      Regenerating: 1 file(s) changed at 2026-04-28 20:04:28
                    build-output.txt
      Remote Theme: Using theme abhinavs/moonwalk
       Jekyll Feed: Generating feed for posts
                    ...done in 0.184263464 seconds.
                    
      Regenerating: 1 file(s) changed at 2026-04-28 20:04:28
                    build-output.txt
      Remote Theme: Using theme abhinavs/moonwalk
       Jekyll Feed: Generating feed for posts
                    ...done in 0.227190884 seconds.
                    
      Regenerating: 1 file(s) changed at 2026-04-28 20:04:28
                    build-output.txt
      Remote Theme: Using theme abhinavs/moonwalk
       Jekyll Feed: Generating feed for posts
                    ...done in 0.21604045 seconds.
                    
      Regenerating: 1 file(s) changed at 2026-04-28 20:04:29
                    build-output.txt
      Remote Theme: Using theme abhinavs/moonwalk
       Jekyll Feed: Generating feed for posts
                    ...done in 0.186186374 seconds.
                    
      Regenerating: 1 file(s) changed at 2026-04-28 20:04:29
                    build-output.txt
      Remote Theme: Using theme abhinavs/moonwalk
       Jekyll Feed: Generating feed for posts
                    ...done in 0.198562419 seconds.
                    
      Regenerating: 1 file(s) changed at 2026-04-28 20:04:29
                    build-output.txt
      Remote Theme: Using theme abhinavs/moonwalk
       Jekyll Feed: Generating feed for posts
                    ...done in 0.193108298 seconds.
                    
      Regenerating: 1 file(s) changed at 2026-04-28 20:04:30
                    build-output.txt
      Remote Theme: Using theme abhinavs/moonwalk
       Jekyll Feed: Generating feed for posts
                    ...done in 0.20955164 seconds.
                    
      Regenerating: 1 file(s) changed at 2026-04-28 20:04:30
                    build-output.txt
      Remote Theme: Using theme abhinavs/moonwalk
       Jekyll Feed: Generating feed for posts
                    ...done in 0.219834822 seconds.
                    
      Regenerating: 1 file(s) changed at 2026-04-28 20:04:30
                    build-output.txt
      Remote Theme: Using theme abhinavs/moonwalk
       Jekyll Feed: Generating feed for posts
                    ...done in 0.197809672 seconds.
                    
      Regenerating: 1 file(s) changed at 2026-04-28 20:04:31
                    build-output.txt
      Remote Theme: Using theme abhinavs/moonwalk
       Jekyll Feed: Generating feed for posts
                    ...done in 0.196103457 seconds.
                    
      Regenerating: 1 file(s) changed at 2026-04-28 20:04:31
                    build-output.txt
      Remote Theme: Using theme abhinavs/moonwalk
       Jekyll Feed: Generating feed for posts
                    ...done in 0.200073074 seconds.
                    
      Regenerating: 1 file(s) changed at 2026-04-28 20:04:31
                    build-output.txt
      Remote Theme: Using theme abhinavs/moonwalk
       Jekyll Feed: Generating feed for posts
                    ...done in 0.19935706 seconds.
                    
      Regenerating: 1 file(s) changed at 2026-04-28 20:04:31
                    build-output.txt
      Remote Theme: Using theme abhinavs/moonwalk
       Jekyll Feed: Generating feed for posts
                    ...done in 0.222936778 seconds.
                    
      Regenerating: 1 file(s) changed at 2026-04-28 20:04:32
                    build-output.txt
      Remote Theme: Using theme abhinavs/moonwalk
       Jekyll Feed: Generating feed for posts
                    ...done in 0.226970508 seconds.
                    
      Regenerating: 1 file(s) changed at 2026-04-28 20:04:32
                    build-output.txt
      Remote Theme: Using theme abhinavs/moonwalk
       Jekyll Feed: Generating feed for posts
                    ...done in 0.230070294 seconds.
                    
      Regenerating: 1 file(s) changed at 2026-04-28 20:04:32
                    build-output.txt
      Remote Theme: Using theme abhinavs/moonwalk
       Jekyll Feed: Generating feed for posts
                    ...done in 0.236544631 seconds.
                    
      Regenerating: 1 file(s) changed at 2026-04-28 20:04:33
                    build-output.txt
      Remote Theme: Using theme abhinavs/moonwalk
       Jekyll Feed: Generating feed for posts
                    ...done in 0.272697173 seconds.
                    
      Regenerating: 1 file(s) changed at 2026-04-28 20:04:33
                    build-output.txt
      Remote Theme: Using theme abhinavs/moonwalk
       Jekyll Feed: Generating feed for posts
                    ...done in 0.230153625 seconds.
                    
      Regenerating: 1 file(s) changed at 2026-04-28 20:04:34
                    build-output.txt
      Remote Theme: Using theme abhinavs/moonwalk
       Jekyll Feed: Generating feed for posts
                    ...done in 0.200265841 seconds.
                    
      Regenerating: 1 file(s) changed at 2026-04-28 20:04:34
                    build-output.txt
      Remote Theme: Using theme abhinavs/moonwalk
       Jekyll Feed: Generating feed for posts
                    ...done in 0.191793743 seconds.
                    
      Regenerating: 1 file(s) changed at 2026-04-28 20:04:34
                    build-output.txt
      Remote Theme: Using theme abhinavs/moonwalk
       Jekyll Feed: Generating feed for posts
                    ...done in 0.186219643 seconds.
                    
      Regenerating: 1 file(s) changed at 2026-04-28 20:04:34
                    build-output.txt
      Remote Theme: Using theme abhinavs/moonwalk
       Jekyll Feed: Generating feed for posts
                    ...done in 0.194879899 seconds.
                    
      Regenerating: 1 file(s) changed at 2026-04-28 20:04:35
                    build-output.txt
      Remote Theme: Using theme abhinavs/moonwalk
       Jekyll Feed: Generating feed for posts
                    ...done in 0.212936264 seconds.
                    
      Regenerating: 1 file(s) changed at 2026-04-28 20:04:35
                    build-output.txt
      Remote Theme: Using theme abhinavs/moonwalk
       Jekyll Feed: Generating feed for posts
                    ...done in 0.212466387 seconds.
                    
      Regenerating: 1 file(s) changed at 2026-04-28 20:04:35
                    build-output.txt
      Remote Theme: Using theme abhinavs/moonwalk
       Jekyll Feed: Generating feed for posts
                    ...done in 0.206335133 seconds.
                    
      Regenerating: 1 file(s) changed at 2026-04-28 20:04:36
                    build-output.txt
      Remote Theme: Using theme abhinavs/moonwalk
       Jekyll Feed: Generating feed for posts
                    ...done in 0.211217186 seconds.
                    
      Regenerating: 1 file(s) changed at 2026-04-28 20:04:36
                    build-output.txt
      Remote Theme: Using theme abhinavs/moonwalk
       Jekyll Feed: Generating feed for posts
                    ...done in 0.226523915 seconds.
                    
      Regenerating: 1 file(s) changed at 2026-04-28 20:04:36
                    build-output.txt
      Remote Theme: Using theme abhinavs/moonwalk
       Jekyll Feed: Generating feed for posts
                    ...done in 0.216612334 seconds.
                    
      Regenerating: 1 file(s) changed at 2026-04-28 20:04:37
                    build-output.txt
      Remote Theme: Using theme abhinavs/moonwalk
       Jekyll Feed: Generating feed for posts
                    ...done in 0.242666383 seconds.
                    
      Regenerating: 1 file(s) changed at 2026-04-28 20:04:37
                    build-output.txt
      Remote Theme: Using theme abhinavs/moonwalk
       Jekyll Feed: Generating feed for posts
                    ...done in 0.228674088 seconds.
                    
      Regenerating: 1 file(s) changed at 2026-04-28 20:04:37
                    build-output.txt
      Remote Theme: Using theme abhinavs/moonwalk
       Jekyll Feed: Generating feed for posts
                    ...done in 0.19407531 seconds.
                    
      Regenerating: 1 file(s) changed at 2026-04-28 20:04:38
                    build-output.txt
      Remote Theme: Using theme abhinavs/moonwalk
       Jekyll Feed: Generating feed for posts
                    ...done in 0.201521505 seconds.
                    
      Regenerating: 1 file(s) changed at 2026-04-28 20:04:38
                    build-output.txt
      Remote Theme: Using theme abhinavs/moonwalk
       Jekyll Feed: Generating feed for posts
                    ...done in 0.247850497 seconds.
                    
      Regenerating: 1 file(s) changed at 2026-04-28 20:04:38
                    build-output.txt
      Remote Theme: Using theme abhinavs/moonwalk
       Jekyll Feed: Generating feed for posts
                    ...done in 0.213510709 seconds.
                    
      Regenerating: 1 file(s) changed at 2026-04-28 20:04:39
                    build-output.txt
      Remote Theme: Using theme abhinavs/moonwalk
       Jekyll Feed: Generating feed for posts
                    ...done in 0.222482715 seconds.
                    
      Regenerating: 1 file(s) changed at 2026-04-28 20:04:39
                    build-output.txt
      Remote Theme: Using theme abhinavs/moonwalk
       Jekyll Feed: Generating feed for posts
                    ...done in 0.222747184 seconds.
                    
      Regenerating: 1 file(s) changed at 2026-04-28 20:04:39
                    build-output.txt
      Remote Theme: Using theme abhinavs/moonwalk
       Jekyll Feed: Generating feed for posts
                    ...done in 0.224988563 seconds.
                    
      Regenerating: 1 file(s) changed at 2026-04-28 20:04:40
                    build-output.txt
      Remote Theme: Using theme abhinavs/moonwalk
       Jekyll Feed: Generating feed for posts
                    ...done in 0.201004831 seconds.
                    
      Regenerating: 1 file(s) changed at 2026-04-28 20:04:40
                    build-output.txt
      Remote Theme: Using theme abhinavs/moonwalk
       Jekyll Feed: Generating feed for posts
                    ...done in 0.215667892 seconds.
                    
      Regenerating: 1 file(s) changed at 2026-04-28 20:04:40
                    build-output.txt
      Remote Theme: Using theme abhinavs/moonwalk
       Jekyll Feed: Generating feed for posts
                    ...done in 0.215506785 seconds.
                    
      Regenerating: 1 file(s) changed at 2026-04-28 20:04:40
                    build-output.txt
      Remote Theme: Using theme abhinavs/moonwalk
       Jekyll Feed: Generating feed for posts
                    ...done in 0.214567751 seconds.
                    
      Regenerating: 1 file(s) changed at 2026-04-28 20:04:41
                    build-output.txt
      Remote Theme: Using theme abhinavs/moonwalk
       Jekyll Feed: Generating feed for posts
                    ...done in 0.194344303 seconds.
                    
      Regenerating: 1 file(s) changed at 2026-04-28 20:04:41
                    build-output.txt
      Remote Theme: Using theme abhinavs/moonwalk
       Jekyll Feed: Generating feed for posts
                    ...done in 0.224044066 seconds.
                    
      Regenerating: 1 file(s) changed at 2026-04-28 20:04:41
                    build-output.txt
      Remote Theme: Using theme abhinavs/moonwalk
       Jekyll Feed: Generating feed for posts
                    ...done in 0.206603637 seconds.
                    
      Regenerating: 1 file(s) changed at 2026-04-28 20:04:42
                    build-output.txt
      Remote Theme: Using theme abhinavs/moonwalk
       Jekyll Feed: Generating feed for posts
                    ...done in 0.187258647 seconds.
                    
      Regenerating: 1 file(s) changed at 2026-04-28 20:04:42
                    build-output.txt
      Remote Theme: Using theme abhinavs/moonwalk
       Jekyll Feed: Generating feed for posts
                    ...done in 0.184296066 seconds.
                    
      Regenerating: 1 file(s) changed at 2026-04-28 20:04:42
                    build-output.txt
      Remote Theme: Using theme abhinavs/moonwalk
       Jekyll Feed: Generating feed for posts
                    ...done in 0.196034554 seconds.
                    
      Regenerating: 1 file(s) changed at 2026-04-28 20:04:43
                    build-output.txt
      Remote Theme: Using theme abhinavs/moonwalk
       Jekyll Feed: Generating feed for posts
                    ...done in 0.187515077 seconds.
                    
      Regenerating: 1 file(s) changed at 2026-04-28 20:04:43
                    build-output.txt
      Remote Theme: Using theme abhinavs/moonwalk
       Jekyll Feed: Generating feed for posts
                    ...done in 0.194889076 seconds.
                    
      Regenerating: 1 file(s) changed at 2026-04-28 20:04:43
                    build-output.txt
      Remote Theme: Using theme abhinavs/moonwalk
       Jekyll Feed: Generating feed for posts
                    ...done in 0.186334814 seconds.
                    
      Regenerating: 1 file(s) changed at 2026-04-28 20:04:43
                    build-output.txt
      Remote Theme: Using theme abhinavs/moonwalk
       Jekyll Feed: Generating feed for posts
                    ...done in 0.206699844 seconds.
                    
      Regenerating: 1 file(s) changed at 2026-04-28 20:04:44
                    build-output.txt
      Remote Theme: Using theme abhinavs/moonwalk
       Jekyll Feed: Generating feed for posts
                    ...done in 0.196234735 seconds.
                    
      Regenerating: 1 file(s) changed at 2026-04-28 20:04:44
                    build-output.txt
      Remote Theme: Using theme abhinavs/moonwalk
       Jekyll Feed: Generating feed for posts
                    ...done in 0.189156496 seconds.
                    
      Regenerating: 1 file(s) changed at 2026-04-28 20:04:44
                    build-output.txt
      Remote Theme: Using theme abhinavs/moonwalk
       Jekyll Feed: Generating feed for posts
                    ...done in 0.245255107 seconds.
                    
      Regenerating: 1 file(s) changed at 2026-04-28 20:04:45
                    build-output.txt
      Remote Theme: Using theme abhinavs/moonwalk
       Jekyll Feed: Generating feed for posts
                    ...done in 0.217576735 seconds.
                    
      Regenerating: 1 file(s) changed at 2026-04-28 20:04:45
                    build-output.txt
      Remote Theme: Using theme abhinavs/moonwalk
       Jekyll Feed: Generating feed for posts
                    ...done in 0.178758876 seconds.
                    
      Regenerating: 1 file(s) changed at 2026-04-28 20:04:45
                    build-output.txt
      Remote Theme: Using theme abhinavs/moonwalk
       Jekyll Feed: Generating feed for posts
                    ...done in 0.197386433 seconds.
                    
      Regenerating: 1 file(s) changed at 2026-04-28 20:04:46
                    build-output.txt
      Remote Theme: Using theme abhinavs/moonwalk
       Jekyll Feed: Generating feed for posts
                    ...done in 0.201969172 seconds.
                    
